# Readme test
Post list example:
<!-- BLOG-POST-LIST:START -->
- [An Introduction to NumPy](https://dev.to/gautamkrishnar/an-introduction-to-numpy)
- [Skipping the Chrome &quot;Your connection is not private&quot; warning](https://dev.to/gautamkrishnar/quickbits-1-skipping-the-chrome-your-connection-is-not-private-warning-4kp1)
- [DuckDuckGo â€“ The search engine redefined](https://dev.to/gautamkrishnar/duckduckgo-the-search-engine-redefined-4c7d)
<!-- BLOG-POST-LIST:END -->

# Other contents
Test content
